---
source: api/src/v1/serde_tests.rs
expression: "Message::Question(Question::StartSession(bind))"
---
{
  "type": "question",
  "content": {
    "type": "startSession",
    "content": {
      "consumer_id": "00000000-0000-0000-0000-000000000001",
      "producer_id": "00000000-0000-0000-0000-000000000002"
    }
  }
}
