---
source: api/src/v1/serde_tests.rs
expression: "Message::Answer(Answer::AvailableStreams(streams))"
---
{
  "type": "answer",
  "content": {
    "type": "availableStreams",
    "content": [
      {
        "id": "00000000-0000-0000-0000-000000000010",
        "name": "Main Camera",
        "encode": "H264",
        "height": 1080,
        "width": 1920,
        "interval": "1/30",
        "source": "/dev/video0",
        "created": "2024-01-01T00:00:00Z"
      }
    ]
  }
}
