---
source: api/src/v1/serde_tests.rs
expression: val
---
{
  "name": "Brightness",
  "cpp_type": "int",
  "id": 42,
  "state": {
    "is_disabled": false,
    "is_inactive": false
  },
  "configuration": {
    "Slider": {
      "default": 128,
      "value": 200,
      "step": 1,
      "max": 255,
      "min": 0
    }
  }
}
